error: Only tuple variants with exactly one item are supported for events
 --> tests/fsm_trybuild/tuple_more_item_event_variant_fail.rs:6:12
  |
6 |     One --(A(Foo, Bar), on_a)--> Two
  |            ^
